2026-04-05 23:12:48 [INFO] [c.j.backend.BackendApplication] - Starting BackendApplication using Java 21.0.10 with PID 12588 (D:\Candidate-Search\backend\target\classes started by ELCOT in D:\Candidate-Search\backend)
2026-04-05 23:12:48 [INFO] [c.j.backend.BackendApplication] - No active profile set, falling back to 1 default profile: "default"
2026-04-05 23:12:49 [INFO] [o.s.b.d.e.DevToolsPropertyDefaultsPostProcessor] - Devtools property defaults active! Set 'spring.devtools.add-properties' to 'false' to disable
2026-04-05 23:12:49 [INFO] [o.s.b.d.e.DevToolsPropertyDefaultsPostProcessor] - For additional web related logging consider setting the 'logging.level.web' property to 'DEBUG'
2026-04-05 23:12:50 [INFO] [o.s.d.r.c.RepositoryConfigurationDelegate] - Bootstrapping Spring Data MongoDB repositories in DEFAULT mode.
2026-04-05 23:12:50 [INFO] [o.s.d.r.c.RepositoryConfigurationDelegate] - Finished Spring Data repository scanning in 78 ms. Found 1 MongoDB repository interface.
2026-04-05 23:12:50 [INFO] [o.s.b.w.e.tomcat.TomcatWebServer] - Tomcat initialized with port 8080 (http)
2026-04-05 23:12:50 [INFO] [o.a.coyote.http11.Http11NioProtocol] - Initializing ProtocolHandler ["http-nio-8080"]
2026-04-05 23:12:50 [INFO] [o.a.catalina.core.StandardService] - Starting service [Tomcat]
2026-04-05 23:12:50 [INFO] [o.a.catalina.core.StandardEngine] - Starting Servlet engine: [Apache Tomcat/10.1.36]
2026-04-05 23:12:50 [INFO] [o.a.c.c.C.[Tomcat].[localhost].[/]] - Initializing Spring embedded WebApplicationContext
2026-04-05 23:12:50 [INFO] [o.s.b.w.s.c.ServletWebServerApplicationContext] - Root WebApplicationContext: initialization completed in 1794 ms
2026-04-05 23:12:51 [INFO] [org.mongodb.driver.client] - MongoClient with metadata {"driver": {"name": "mongo-java-driver|sync|spring-boot", "version": "5.2.1"}, "os": {"type": "Windows", "name": "Windows 11", "architecture": "amd64", "version": "10.0"}, "platform": "Java/Oracle Corporation/21.0.10+8-LTS-217"} created with settings MongoClientSettings{readPreference=primary, writeConcern=WriteConcern{w=null, wTimeout=null ms, journal=null}, retryWrites=true, retryReads=true, readConcern=ReadConcern{level=null}, credential=null, transportSettings=null, commandListeners=[], codecRegistry=ProvidersCodecRegistry{codecProviders=[ValueCodecProvider{}, BsonValueCodecProvider{}, DBRefCodecProvider{}, DBObjectCodecProvider{}, DocumentCodecProvider{}, CollectionCodecProvider{}, IterableCodecProvider{}, MapCodecProvider{}, GeoJsonCodecProvider{}, GridFSFileCodecProvider{}, Jsr310CodecProvider{}, JsonObjectCodecProvider{}, BsonCodecProvider{}, EnumCodecProvider{}, com.mongodb.client.model.mql.ExpressionCodecProvider@3e9321be, com.mongodb.Jep395RecordCodecProvider@6c4b4ea1, com.mongodb.KotlinCodecProvider@650e94ca]}, loggerSettings=LoggerSettings{maxDocumentLength=1000}, clusterSettings={hosts=[localhost:27017], srvServiceName=mongodb, mode=SINGLE, requiredClusterType=UNKNOWN, requiredReplicaSetName='null', serverSelector='null', clusterListeners='[]', serverSelectionTimeout='30000 ms', localThreshold='15 ms'}, socketSettings=SocketSettings{connectTimeoutMS=10000, readTimeoutMS=0, receiveBufferSize=0, proxySettings=ProxySettings{host=null, port=null, username=null, password=null}}, heartbeatSocketSettings=SocketSettings{connectTimeoutMS=10000, readTimeoutMS=10000, receiveBufferSize=0, proxySettings=ProxySettings{host=null, port=null, username=null, password=null}}, connectionPoolSettings=ConnectionPoolSettings{maxSize=100, minSize=0, maxWaitTimeMS=120000, maxConnectionLifeTimeMS=0, maxConnectionIdleTimeMS=0, maintenanceInitialDelayMS=0, maintenanceFrequencyMS=60000, connectionPoolListeners=[], maxConnecting=2}, serverSettings=ServerSettings{heartbeatFrequencyMS=10000, minHeartbeatFrequencyMS=500, serverMonitoringMode=AUTO, serverListeners='[]', serverMonitorListeners='[]'}, sslSettings=SslSettings{enabled=false, invalidHostNameAllowed=false, context=null}, applicationName='null', compressorList=[], uuidRepresentation=JAVA_LEGACY, serverApi=null, autoEncryptionSettings=null, dnsClient=null, inetAddressResolver=null, contextProvider=null, timeoutMS=null}
2026-04-05 23:12:51 [INFO] [org.mongodb.driver.cluster] - Monitor thread successfully connected to server with description ServerDescription{address=localhost:27017, type=STANDALONE, cryptd=false, state=CONNECTED, ok=true, minWireVersion=0, maxWireVersion=27, maxDocumentSize=16777216, logicalSessionTimeoutMinutes=30, roundTripTimeNanos=54591200, minRoundTripTimeNanos=0}
2026-04-05 23:12:51 [INFO] [o.s.b.d.a.OptionalLiveReloadServer] - LiveReload server is running on port 35729
2026-04-05 23:12:52 [INFO] [o.a.coyote.http11.Http11NioProtocol] - Starting ProtocolHandler ["http-nio-8080"]
2026-04-05 23:12:52 [INFO] [o.s.b.w.e.tomcat.TomcatWebServer] - Tomcat started on port 8080 (http) with context path '/'
2026-04-05 23:12:52 [INFO] [c.j.backend.BackendApplication] - Started BackendApplication in 3.837 seconds (process running for 5.283)
2026-04-05 23:14:10 [INFO] [o.a.c.c.C.[Tomcat].[localhost].[/]] - Initializing Spring DispatcherServlet 'dispatcherServlet'
2026-04-05 23:14:10 [INFO] [o.s.web.servlet.DispatcherServlet] - Initializing Servlet 'dispatcherServlet'
2026-04-05 23:14:10 [INFO] [o.s.web.servlet.DispatcherServlet] - Completed initialization in 1 ms
2026-04-05 23:14:11 [INFO] [c.j.b.controller.CandidateController] - Fetching all candidates
2026-04-05 23:14:11 [INFO] [c.j.b.controller.CandidateController] - Search request: keyword=null, location=null, city=null, subLocality=null
2026-04-05 23:14:11 [INFO] [c.j.backend.service.SearchService] - Search started | keyword=null, location=null, city=null, subLocality=null
2026-04-05 23:14:11 [INFO] [c.j.backend.service.SearchService] - Base candidates fetched: 15
2026-04-05 23:14:11 [INFO] [c.j.backend.service.SearchService] - Final filtered candidates count: 15
2026-04-05 23:14:11 [INFO] [c.j.b.controller.CandidateController] - Fetching all candidates
2026-04-05 23:14:11 [INFO] [c.j.b.controller.CandidateController] - Search request: keyword=null, location=null, city=null, subLocality=null
2026-04-05 23:14:11 [INFO] [c.j.backend.service.SearchService] - Search started | keyword=null, location=null, city=null, subLocality=null
2026-04-05 23:14:11 [INFO] [c.j.backend.service.SearchService] - Base candidates fetched: 15
2026-04-05 23:14:11 [INFO] [c.j.backend.service.SearchService] - Final filtered candidates count: 15
2026-04-05 23:14:16 [INFO] [c.j.b.controller.CandidateController] - Fetching all candidates
2026-04-05 23:14:16 [INFO] [c.j.b.controller.CandidateController] - Search request: keyword=null, location=null, city=null, subLocality=null
2026-04-05 23:14:16 [INFO] [c.j.backend.service.SearchService] - Search started | keyword=null, location=null, city=null, subLocality=null
2026-04-05 23:14:16 [INFO] [c.j.backend.service.SearchService] - Base candidates fetched: 15
2026-04-05 23:14:16 [INFO] [c.j.backend.service.SearchService] - Final filtered candidates count: 15
2026-04-05 23:14:16 [INFO] [c.j.b.controller.CandidateController] - Search request: keyword=null, location=null, city=null, subLocality=null
2026-04-05 23:14:16 [INFO] [c.j.backend.service.SearchService] - Search started | keyword=null, location=null, city=null, subLocality=null
2026-04-05 23:14:16 [INFO] [c.j.b.controller.CandidateController] - Fetching all candidates
2026-04-05 23:14:16 [INFO] [c.j.backend.service.SearchService] - Base candidates fetched: 15
2026-04-05 23:14:16 [INFO] [c.j.backend.service.SearchService] - Final filtered candidates count: 15
2026-04-05 23:15:40 [INFO] [o.s.b.d.a.LocalDevToolsAutoConfiguration$RestartingClassPathChangeChangedEventListener] - Restarting due to 1 class path change (0 additions, 0 deletions, 1 modification)
2026-04-05 23:15:40 [INFO] [o.s.b.w.e.tomcat.GracefulShutdown] - Commencing graceful shutdown. Waiting for active requests to complete
2026-04-05 23:15:40 [INFO] [o.a.coyote.http11.Http11NioProtocol] - Pausing ProtocolHandler ["http-nio-8080"]
2026-04-05 23:15:40 [INFO] [o.s.b.w.e.tomcat.GracefulShutdown] - Graceful shutdown complete
2026-04-05 23:15:40 [INFO] [o.a.coyote.http11.Http11NioProtocol] - Stopping ProtocolHandler ["http-nio-8080"]
2026-04-05 23:15:40 [INFO] [c.j.backend.BackendApplication] - Starting BackendApplication using Java 21.0.10 with PID 12588 (D:\Candidate-Search\backend\target\classes started by ELCOT in D:\Candidate-Search\backend)
2026-04-05 23:15:40 [INFO] [c.j.backend.BackendApplication] - No active profile set, falling back to 1 default profile: "default"
2026-04-05 23:15:40 [INFO] [o.s.d.r.c.RepositoryConfigurationDelegate] - Bootstrapping Spring Data MongoDB repositories in DEFAULT mode.
2026-04-05 23:15:40 [INFO] [o.s.d.r.c.RepositoryConfigurationDelegate] - Finished Spring Data repository scanning in 10 ms. Found 1 MongoDB repository interface.
2026-04-05 23:15:40 [INFO] [o.s.b.w.e.tomcat.TomcatWebServer] - Tomcat initialized with port 8080 (http)
2026-04-05 23:15:40 [INFO] [o.a.coyote.http11.Http11NioProtocol] - Initializing ProtocolHandler ["http-nio-8080"]
2026-04-05 23:15:40 [INFO] [o.a.catalina.core.StandardService] - Starting service [Tomcat]
2026-04-05 23:15:40 [INFO] [o.a.catalina.core.StandardEngine] - Starting Servlet engine: [Apache Tomcat/10.1.36]
2026-04-05 23:15:41 [INFO] [o.a.c.c.C.[Tomcat].[localhost].[/]] - Initializing Spring embedded WebApplicationContext
2026-04-05 23:15:41 [INFO] [o.s.b.w.s.c.ServletWebServerApplicationContext] - Root WebApplicationContext: initialization completed in 371 ms
2026-04-05 23:15:41 [INFO] [org.mongodb.driver.client] - MongoClient with metadata {"driver": {"name": "mongo-java-driver|sync|spring-boot", "version": "5.2.1"}, "os": {"type": "Windows", "name": "Windows 11", "architecture": "amd64", "version": "10.0"}, "platform": "Java/Oracle Corporation/21.0.10+8-LTS-217"} created with settings MongoClientSettings{readPreference=primary, writeConcern=WriteConcern{w=null, wTimeout=null ms, journal=null}, retryWrites=true, retryReads=true, readConcern=ReadConcern{level=null}, credential=null, transportSettings=null, commandListeners=[], codecRegistry=ProvidersCodecRegistry{codecProviders=[ValueCodecProvider{}, BsonValueCodecProvider{}, DBRefCodecProvider{}, DBObjectCodecProvider{}, DocumentCodecProvider{}, CollectionCodecProvider{}, IterableCodecProvider{}, MapCodecProvider{}, GeoJsonCodecProvider{}, GridFSFileCodecProvider{}, Jsr310CodecProvider{}, JsonObjectCodecProvider{}, BsonCodecProvider{}, EnumCodecProvider{}, com.mongodb.client.model.mql.ExpressionCodecProvider@3e9321be, com.mongodb.Jep395RecordCodecProvider@6c4b4ea1, com.mongodb.KotlinCodecProvider@650e94ca]}, loggerSettings=LoggerSettings{maxDocumentLength=1000}, clusterSettings={hosts=[localhost:27017], srvServiceName=mongodb, mode=SINGLE, requiredClusterType=UNKNOWN, requiredReplicaSetName='null', serverSelector='null', clusterListeners='[]', serverSelectionTimeout='30000 ms', localThreshold='15 ms'}, socketSettings=SocketSettings{connectTimeoutMS=10000, readTimeoutMS=0, receiveBufferSize=0, proxySettings=ProxySettings{host=null, port=null, username=null, password=null}}, heartbeatSocketSettings=SocketSettings{connectTimeoutMS=10000, readTimeoutMS=10000, receiveBufferSize=0, proxySettings=ProxySettings{host=null, port=null, username=null, password=null}}, connectionPoolSettings=ConnectionPoolSettings{maxSize=100, minSize=0, maxWaitTimeMS=120000, maxConnectionLifeTimeMS=0, maxConnectionIdleTimeMS=0, maintenanceInitialDelayMS=0, maintenanceFrequencyMS=60000, connectionPoolListeners=[], maxConnecting=2}, serverSettings=ServerSettings{heartbeatFrequencyMS=10000, minHeartbeatFrequencyMS=500, serverMonitoringMode=AUTO, serverListeners='[]', serverMonitorListeners='[]'}, sslSettings=SslSettings{enabled=false, invalidHostNameAllowed=false, context=null}, applicationName='null', compressorList=[], uuidRepresentation=JAVA_LEGACY, serverApi=null, autoEncryptionSettings=null, dnsClient=null, inetAddressResolver=null, contextProvider=null, timeoutMS=null}
2026-04-05 23:15:41 [INFO] [org.mongodb.driver.cluster] - Monitor thread successfully connected to server with description ServerDescription{address=localhost:27017, type=STANDALONE, cryptd=false, state=CONNECTED, ok=true, minWireVersion=0, maxWireVersion=27, maxDocumentSize=16777216, logicalSessionTimeoutMinutes=30, roundTripTimeNanos=2449000, minRoundTripTimeNanos=0}
2026-04-05 23:15:41 [INFO] [o.s.b.d.a.OptionalLiveReloadServer] - LiveReload server is running on port 35729
2026-04-05 23:15:41 [INFO] [o.a.coyote.http11.Http11NioProtocol] - Starting ProtocolHandler ["http-nio-8080"]
2026-04-05 23:15:41 [INFO] [o.s.b.w.e.tomcat.TomcatWebServer] - Tomcat started on port 8080 (http) with context path '/'
2026-04-05 23:15:41 [INFO] [c.j.backend.BackendApplication] - Started BackendApplication in 0.775 seconds (process running for 174.548)
2026-04-05 23:15:41 [INFO] [o.s.b.d.a.ConditionEvaluationDeltaLoggingListener] - Condition evaluation unchanged
2026-04-06 09:37:23 [INFO] [c.j.backend.BackendApplication] - Starting BackendApplication using Java 24.0.2 with PID 3112 (D:\MyProjects\candidatesearchmodule\backend\target\classes started by LAKSHITHA4 in D:\MyProjects\candidatesearchmodule\backend)
2026-04-06 09:37:23 [INFO] [c.j.backend.BackendApplication] - No active profile set, falling back to 1 default profile: "default"
2026-04-06 09:37:23 [INFO] [o.s.b.d.e.DevToolsPropertyDefaultsPostProcessor] - Devtools property defaults active! Set 'spring.devtools.add-properties' to 'false' to disable
2026-04-06 09:37:23 [INFO] [o.s.b.d.e.DevToolsPropertyDefaultsPostProcessor] - For additional web related logging consider setting the 'logging.level.web' property to 'DEBUG'
2026-04-06 09:37:24 [INFO] [o.s.d.r.c.RepositoryConfigurationDelegate] - Bootstrapping Spring Data MongoDB repositories in DEFAULT mode.
2026-04-06 09:37:24 [INFO] [o.s.d.r.c.RepositoryConfigurationDelegate] - Finished Spring Data repository scanning in 45 ms. Found 1 MongoDB repository interface.
2026-04-06 09:37:24 [INFO] [o.s.boot.tomcat.TomcatWebServer] - Tomcat initialized with port 8080 (http)
2026-04-06 09:37:24 [INFO] [o.a.coyote.http11.Http11NioProtocol] - Initializing ProtocolHandler ["http-nio-8080"]
2026-04-06 09:37:24 [INFO] [o.a.catalina.core.StandardService] - Starting service [Tomcat]
2026-04-06 09:37:24 [INFO] [o.a.catalina.core.StandardEngine] - Starting Servlet engine: [Apache Tomcat/11.0.18]
2026-04-06 09:37:24 [INFO] [o.s.b.w.c.s.WebApplicationContextInitializer] - Root WebApplicationContext: initialization completed in 1117 ms
2026-04-06 09:37:24 [INFO] [org.mongodb.driver.client] - MongoClient with metadata {"driver": {"name": "mongo-java-driver|spring-boot|sync", "version": "5.6.3"}, "os": {"type": "Windows", "name": "Windows 11", "architecture": "amd64", "version": "10.0"}, "platform": "Java/Oracle Corporation/24.0.2+12-54"} created with settings MongoClientSettings{readPreference=primary, writeConcern=WriteConcern{w=null, wTimeout=null ms, journal=null}, retryWrites=true, retryReads=true, readConcern=ReadConcern{level=null}, credential=null, transportSettings=null, commandListeners=[], codecRegistry=ProvidersCodecRegistry{codecProviders=[ValueCodecProvider{}, BsonValueCodecProvider{}, DBRefCodecProvider{}, DBObjectCodecProvider{}, DocumentCodecProvider{}, CollectionCodecProvider{}, IterableCodecProvider{}, MapCodecProvider{}, GeoJsonCodecProvider{}, GridFSFileCodecProvider{}, Jsr310CodecProvider{}, JsonObjectCodecProvider{}, BsonCodecProvider{}, com.mongodb.client.model.mql.ExpressionCodecProvider@29729b44, com.mongodb.Jep395RecordCodecProvider@6ce81b88, com.mongodb.KotlinCodecProvider@aafd9a7, EnumCodecProvider{}]}, loggerSettings=LoggerSettings{maxDocumentLength=1000}, clusterSettings={hosts=[localhost:27017], srvServiceName=mongodb, mode=SINGLE, requiredClusterType=UNKNOWN, requiredReplicaSetName='null', serverSelector='null', clusterListeners='[]', serverSelectionTimeout='30000 ms', localThreshold='15 ms'}, socketSettings=SocketSettings{connectTimeoutMS=10000, readTimeoutMS=0, receiveBufferSize=0, proxySettings=ProxySettings{host=null, port=null, username=null, password=null}}, heartbeatSocketSettings=SocketSettings{connectTimeoutMS=10000, readTimeoutMS=10000, receiveBufferSize=0, proxySettings=ProxySettings{host=null, port=null, username=null, password=null}}, connectionPoolSettings=ConnectionPoolSettings{maxSize=100, minSize=0, maxWaitTimeMS=120000, maxConnectionLifeTimeMS=0, maxConnectionIdleTimeMS=0, maintenanceInitialDelayMS=0, maintenanceFrequencyMS=60000, connectionPoolListeners=[], maxConnecting=2}, serverSettings=ServerSettings{heartbeatFrequencyMS=10000, minHeartbeatFrequencyMS=500, serverMonitoringMode=AUTO, serverListeners='[]', serverMonitorListeners='[]'}, sslSettings=SslSettings{enabled=false, invalidHostNameAllowed=false, context=null}, applicationName='null', compressorList=[], uuidRepresentation=UNSPECIFIED, serverApi=null, autoEncryptionSettings=null, dnsClient=null, inetAddressResolver=null, contextProvider=null, timeoutMS=null}
2026-04-06 09:37:24 [INFO] [org.mongodb.driver.cluster] - Monitor thread successfully connected to server with description ServerDescription{address=localhost:27017, type=STANDALONE, cryptd=false, state=CONNECTED, ok=true, minWireVersion=0, maxWireVersion=27, maxDocumentSize=16777216, logicalSessionTimeoutMinutes=30, roundTripTimeNanos=35704200, minRoundTripTimeNanos=0}
2026-04-06 09:37:25 [INFO] [o.a.coyote.http11.Http11NioProtocol] - Starting ProtocolHandler ["http-nio-8080"]
2026-04-06 09:37:25 [INFO] [o.s.boot.tomcat.TomcatWebServer] - Tomcat started on port 8080 (http) with context path '/'
2026-04-06 09:37:25 [INFO] [c.j.backend.BackendApplication] - Started BackendApplication in 2.553 seconds (process running for 4.054)
2026-04-06 09:37:28 [INFO] [o.s.b.d.a.LocalDevToolsAutoConfiguration$RestartingClassPathChangeChangedEventListener] - Restarting due to 8 class path changes (0 additions, 7 deletions, 1 modification)
2026-04-06 09:37:28 [INFO] [o.s.boot.tomcat.GracefulShutdown] - Commencing graceful shutdown. Waiting for active requests to complete
2026-04-06 09:37:28 [INFO] [o.a.coyote.http11.Http11NioProtocol] - Pausing ProtocolHandler ["http-nio-8080"]
2026-04-06 09:37:28 [INFO] [o.s.boot.tomcat.GracefulShutdown] - Graceful shutdown complete
2026-04-06 09:37:28 [INFO] [o.a.coyote.http11.Http11NioProtocol] - Stopping ProtocolHandler ["http-nio-8080"]
2026-04-06 09:37:28 [INFO] [c.j.backend.BackendApplication] - Starting BackendApplication using Java 24.0.2 with PID 3112 (D:\MyProjects\candidatesearchmodule\backend\target\classes started by LAKSHITHA4 in D:\MyProjects\candidatesearchmodule\backend)
2026-04-06 09:37:28 [INFO] [c.j.backend.BackendApplication] - No active profile set, falling back to 1 default profile: "default"
2026-04-06 09:37:28 [INFO] [o.s.d.r.c.RepositoryConfigurationDelegate] - Bootstrapping Spring Data MongoDB repositories in DEFAULT mode.
2026-04-06 09:37:28 [INFO] [o.s.d.r.c.RepositoryConfigurationDelegate] - Finished Spring Data repository scanning in 0 ms. Found 0 MongoDB repository interfaces.
2026-04-06 09:37:28 [INFO] [o.s.boot.tomcat.TomcatWebServer] - Tomcat initialized with port 8080 (http)
2026-04-06 09:37:28 [INFO] [o.a.coyote.http11.Http11NioProtocol] - Initializing ProtocolHandler ["http-nio-8080"]
2026-04-06 09:37:28 [INFO] [o.a.catalina.core.StandardService] - Starting service [Tomcat]
2026-04-06 09:37:28 [INFO] [o.a.catalina.core.StandardEngine] - Starting Servlet engine: [Apache Tomcat/11.0.18]
2026-04-06 09:37:28 [INFO] [o.s.b.w.c.s.WebApplicationContextInitializer] - Root WebApplicationContext: initialization completed in 292 ms
2026-04-06 09:37:28 [INFO] [org.mongodb.driver.client] - MongoClient with metadata {"driver": {"name": "mongo-java-driver|spring-boot|sync", "version": "5.6.3"}, "os": {"type": "Windows", "name": "Windows 11", "architecture": "amd64", "version": "10.0"}, "platform": "Java/Oracle Corporation/24.0.2+12-54"} created with settings MongoClientSettings{readPreference=primary, writeConcern=WriteConcern{w=null, wTimeout=null ms, journal=null}, retryWrites=true, retryReads=true, readConcern=ReadConcern{level=null}, credential=null, transportSettings=null, commandListeners=[], codecRegistry=ProvidersCodecRegistry{codecProviders=[ValueCodecProvider{}, BsonValueCodecProvider{}, DBRefCodecProvider{}, DBObjectCodecProvider{}, DocumentCodecProvider{}, CollectionCodecProvider{}, IterableCodecProvider{}, MapCodecProvider{}, GeoJsonCodecProvider{}, GridFSFileCodecProvider{}, Jsr310CodecProvider{}, JsonObjectCodecProvider{}, BsonCodecProvider{}, com.mongodb.client.model.mql.ExpressionCodecProvider@29729b44, com.mongodb.Jep395RecordCodecProvider@6ce81b88, com.mongodb.KotlinCodecProvider@aafd9a7, EnumCodecProvider{}]}, loggerSettings=LoggerSettings{maxDocumentLength=1000}, clusterSettings={hosts=[localhost:27017], srvServiceName=mongodb, mode=SINGLE, requiredClusterType=UNKNOWN, requiredReplicaSetName='null', serverSelector='null', clusterListeners='[]', serverSelectionTimeout='30000 ms', localThreshold='15 ms'}, socketSettings=SocketSettings{connectTimeoutMS=10000, readTimeoutMS=0, receiveBufferSize=0, proxySettings=ProxySettings{host=null, port=null, username=null, password=null}}, heartbeatSocketSettings=SocketSettings{connectTimeoutMS=10000, readTimeoutMS=10000, receiveBufferSize=0, proxySettings=ProxySettings{host=null, port=null, username=null, password=null}}, connectionPoolSettings=ConnectionPoolSettings{maxSize=100, minSize=0, maxWaitTimeMS=120000, maxConnectionLifeTimeMS=0, maxConnectionIdleTimeMS=0, maintenanceInitialDelayMS=0, maintenanceFrequencyMS=60000, connectionPoolListeners=[], maxConnecting=2}, serverSettings=ServerSettings{heartbeatFrequencyMS=10000, minHeartbeatFrequencyMS=500, serverMonitoringMode=AUTO, serverListeners='[]', serverMonitorListeners='[]'}, sslSettings=SslSettings{enabled=false, invalidHostNameAllowed=false, context=null}, applicationName='null', compressorList=[], uuidRepresentation=UNSPECIFIED, serverApi=null, autoEncryptionSettings=null, dnsClient=null, inetAddressResolver=null, contextProvider=null, timeoutMS=null}
2026-04-06 09:37:28 [INFO] [org.mongodb.driver.cluster] - Monitor thread successfully connected to server with description ServerDescription{address=localhost:27017, type=STANDALONE, cryptd=false, state=CONNECTED, ok=true, minWireVersion=0, maxWireVersion=27, maxDocumentSize=16777216, logicalSessionTimeoutMinutes=30, roundTripTimeNanos=1938200, minRoundTripTimeNanos=0}
2026-04-06 09:37:28 [INFO] [o.a.coyote.http11.Http11NioProtocol] - Starting ProtocolHandler ["http-nio-8080"]
2026-04-06 09:37:28 [INFO] [o.s.boot.tomcat.TomcatWebServer] - Tomcat started on port 8080 (http) with context path '/'
2026-04-06 09:37:28 [INFO] [c.j.backend.BackendApplication] - Started BackendApplication in 0.459 seconds (process running for 7.04)
2026-04-06 09:37:28 [INFO] [o.s.b.d.a.ConditionEvaluationDeltaLoggingListener] - Condition evaluation unchanged
2026-04-06 09:37:31 [INFO] [o.s.b.d.a.LocalDevToolsAutoConfiguration$RestartingClassPathChangeChangedEventListener] - Restarting due to 7 class path changes (7 additions, 0 deletions, 0 modifications)
2026-04-06 09:37:31 [INFO] [o.s.boot.tomcat.GracefulShutdown] - Commencing graceful shutdown. Waiting for active requests to complete
2026-04-06 09:37:31 [INFO] [o.a.coyote.http11.Http11NioProtocol] - Pausing ProtocolHandler ["http-nio-8080"]
2026-04-06 09:37:31 [INFO] [o.s.boot.tomcat.GracefulShutdown] - Graceful shutdown complete
2026-04-06 09:37:31 [INFO] [o.a.coyote.http11.Http11NioProtocol] - Stopping ProtocolHandler ["http-nio-8080"]
2026-04-06 09:37:31 [INFO] [c.j.backend.BackendApplication] - Starting BackendApplication using Java 24.0.2 with PID 3112 (D:\MyProjects\candidatesearchmodule\backend\target\classes started by LAKSHITHA4 in D:\MyProjects\candidatesearchmodule\backend)
2026-04-06 09:37:31 [INFO] [c.j.backend.BackendApplication] - No active profile set, falling back to 1 default profile: "default"
2026-04-06 09:37:31 [INFO] [o.s.d.r.c.RepositoryConfigurationDelegate] - Bootstrapping Spring Data MongoDB repositories in DEFAULT mode.
2026-04-06 09:37:31 [INFO] [o.s.d.r.c.RepositoryConfigurationDelegate] - Finished Spring Data repository scanning in 7 ms. Found 1 MongoDB repository interface.
2026-04-06 09:37:31 [INFO] [o.s.boot.tomcat.TomcatWebServer] - Tomcat initialized with port 8080 (http)
2026-04-06 09:37:31 [INFO] [o.a.coyote.http11.Http11NioProtocol] - Initializing ProtocolHandler ["http-nio-8080"]
2026-04-06 09:37:31 [INFO] [o.a.catalina.core.StandardService] - Starting service [Tomcat]
2026-04-06 09:37:31 [INFO] [o.a.catalina.core.StandardEngine] - Starting Servlet engine: [Apache Tomcat/11.0.18]
2026-04-06 09:37:31 [INFO] [o.s.b.w.c.s.WebApplicationContextInitializer] - Root WebApplicationContext: initialization completed in 191 ms
2026-04-06 09:37:31 [INFO] [org.mongodb.driver.client] - MongoClient with metadata {"driver": {"name": "mongo-java-driver|spring-boot|sync", "version": "5.6.3"}, "os": {"type": "Windows", "name": "Windows 11", "architecture": "amd64", "version": "10.0"}, "platform": "Java/Oracle Corporation/24.0.2+12-54"} created with settings MongoClientSettings{readPreference=primary, writeConcern=WriteConcern{w=null, wTimeout=null ms, journal=null}, retryWrites=true, retryReads=true, readConcern=ReadConcern{level=null}, credential=null, transportSettings=null, commandListeners=[], codecRegistry=ProvidersCodecRegistry{codecProviders=[ValueCodecProvider{}, BsonValueCodecProvider{}, DBRefCodecProvider{}, DBObjectCodecProvider{}, DocumentCodecProvider{}, CollectionCodecProvider{}, IterableCodecProvider{}, MapCodecProvider{}, GeoJsonCodecProvider{}, GridFSFileCodecProvider{}, Jsr310CodecProvider{}, JsonObjectCodecProvider{}, BsonCodecProvider{}, com.mongodb.client.model.mql.ExpressionCodecProvider@29729b44, com.mongodb.Jep395RecordCodecProvider@6ce81b88, com.mongodb.KotlinCodecProvider@aafd9a7, EnumCodecProvider{}]}, loggerSettings=LoggerSettings{maxDocumentLength=1000}, clusterSettings={hosts=[localhost:27017], srvServiceName=mongodb, mode=SINGLE, requiredClusterType=UNKNOWN, requiredReplicaSetName='null', serverSelector='null', clusterListeners='[]', serverSelectionTimeout='30000 ms', localThreshold='15 ms'}, socketSettings=SocketSettings{connectTimeoutMS=10000, readTimeoutMS=0, receiveBufferSize=0, proxySettings=ProxySettings{host=null, port=null, username=null, password=null}}, heartbeatSocketSettings=SocketSettings{connectTimeoutMS=10000, readTimeoutMS=10000, receiveBufferSize=0, proxySettings=ProxySettings{host=null, port=null, username=null, password=null}}, connectionPoolSettings=ConnectionPoolSettings{maxSize=100, minSize=0, maxWaitTimeMS=120000, maxConnectionLifeTimeMS=0, maxConnectionIdleTimeMS=0, maintenanceInitialDelayMS=0, maintenanceFrequencyMS=60000, connectionPoolListeners=[], maxConnecting=2}, serverSettings=ServerSettings{heartbeatFrequencyMS=10000, minHeartbeatFrequencyMS=500, serverMonitoringMode=AUTO, serverListeners='[]', serverMonitorListeners='[]'}, sslSettings=SslSettings{enabled=false, invalidHostNameAllowed=false, context=null}, applicationName='null', compressorList=[], uuidRepresentation=UNSPECIFIED, serverApi=null, autoEncryptionSettings=null, dnsClient=null, inetAddressResolver=null, contextProvider=null, timeoutMS=null}
2026-04-06 09:37:31 [INFO] [org.mongodb.driver.cluster] - Monitor thread successfully connected to server with description ServerDescription{address=localhost:27017, type=STANDALONE, cryptd=false, state=CONNECTED, ok=true, minWireVersion=0, maxWireVersion=27, maxDocumentSize=16777216, logicalSessionTimeoutMinutes=30, roundTripTimeNanos=1884100, minRoundTripTimeNanos=0}
2026-04-06 09:37:31 [INFO] [o.a.coyote.http11.Http11NioProtocol] - Starting ProtocolHandler ["http-nio-8080"]
2026-04-06 09:37:31 [INFO] [o.s.boot.tomcat.TomcatWebServer] - Tomcat started on port 8080 (http) with context path '/'
2026-04-06 09:37:31 [INFO] [c.j.backend.BackendApplication] - Started BackendApplication in 0.338 seconds (process running for 9.869)
2026-04-06 09:37:31 [INFO] [o.s.b.d.a.ConditionEvaluationDeltaLoggingListener] - Condition evaluation unchanged
2026-04-06 09:37:54 [INFO] [o.a.c.c.C.[Tomcat].[localhost].[/]] - Initializing Spring DispatcherServlet 'dispatcherServlet'
2026-04-06 09:37:54 [INFO] [o.s.web.servlet.DispatcherServlet] - Initializing Servlet 'dispatcherServlet'
2026-04-06 09:37:54 [INFO] [o.s.web.servlet.DispatcherServlet] - Completed initialization in 0 ms
2026-04-06 09:37:54 [INFO] [c.j.b.controller.CandidateController] - Fetching all candidates
2026-04-06 09:37:54 [INFO] [c.j.b.controller.CandidateController] - Search request: keyword=null, location=null, city=null, subLocality=null
2026-04-06 09:37:54 [INFO] [c.j.backend.service.SearchService] - Search started | keyword=null, location=null, city=null, subLocality=null
2026-04-06 09:37:54 [INFO] [c.j.backend.service.SearchService] - Base candidates fetched: 200
2026-04-06 09:37:54 [INFO] [c.j.backend.service.SearchService] - Final filtered candidates count: 200
2026-04-06 09:37:54 [INFO] [c.j.b.controller.CandidateController] - Fetching all candidates
2026-04-06 09:37:54 [INFO] [c.j.b.controller.CandidateController] - Search request: keyword=null, location=null, city=null, subLocality=null
2026-04-06 09:37:54 [INFO] [c.j.backend.service.SearchService] - Search started | keyword=null, location=null, city=null, subLocality=null
2026-04-06 09:37:54 [INFO] [c.j.backend.service.SearchService] - Base candidates fetched: 200
2026-04-06 09:37:54 [INFO] [c.j.backend.service.SearchService] - Final filtered candidates count: 200
